###############################################################################
#
# IAR ELF Linker V8.32.1.169/W32 for ARM                  09/Mar/2024  14:42:26
# Copyright 2007-2018 IAR Systems AB.
#
#    Output file  =  D:\uss_e524.17_demo\Debug\Exe\M52417A_Demo-lite.out.tmp
#    Map file     =  D:\uss_e524.17_demo\Debug\List\M52417A_Demo-lite.map
#    Command line =  
#        -f C:\Users\admin\AppData\Local\Temp\EWD2F8.tmp
#        (D:\uss_e524.17_demo\Debug\Obj\CommonInterruptHandler.o
#        D:\uss_e524.17_demo\Debug\Obj\cstartup_M_elmos.o
#        D:\uss_e524.17_demo\Debug\Obj\dsi3_InterruptHandler.o
#        D:\uss_e524.17_demo\Debug\Obj\Dsi3Bus_Implementation.o
#        D:\uss_e524.17_demo\Debug\Obj\dsp_InterruptHandler.o
#        D:\uss_e524.17_demo\Debug\Obj\eeprom_ctrl_InterruptHandler.o
#        D:\uss_e524.17_demo\Debug\Obj\el_helper.o
#        D:\uss_e524.17_demo\Debug\Obj\gpio_InterruptHandler.o
#        D:\uss_e524.17_demo\Debug\Obj\main.o
#        D:\uss_e524.17_demo\Debug\Obj\mod_ada.o
#        D:\uss_e524.17_demo\Debug\Obj\mod_app.o
#        D:\uss_e524.17_demo\Debug\Obj\mod_crc16.o
#        D:\uss_e524.17_demo\Debug\Obj\mod_dac.o
#        D:\uss_e524.17_demo\Debug\Obj\mod_dsi3.o
#        D:\uss_e524.17_demo\Debug\Obj\mod_dsi3_cfg.o
#        D:\uss_e524.17_demo\Debug\Obj\mod_dsp.o
#        D:\uss_e524.17_demo\Debug\Obj\mod_eeprom.o
#        D:\uss_e524.17_demo\Debug\Obj\mod_eeprom_access.o
#        D:\uss_e524.17_demo\Debug\Obj\mod_err.o
#        D:\uss_e524.17_demo\Debug\Obj\mod_gpio.o
#        D:\uss_e524.17_demo\Debug\Obj\mod_lab.o
#        D:\uss_e524.17_demo\Debug\Obj\mod_meas.o
#        D:\uss_e524.17_demo\Debug\Obj\mod_mem.o
#        D:\uss_e524.17_demo\Debug\Obj\mod_swt.o
#        D:\uss_e524.17_demo\Debug\Obj\mod_syss.o
#        D:\uss_e524.17_demo\Debug\Obj\mod_uart.o
#        D:\uss_e524.17_demo\Debug\Obj\mod_util.o
#        D:\uss_e524.17_demo\Debug\Obj\mod_wdg.o
#        D:\uss_e524.17_demo\Debug\Obj\nvic_InterruptHandler.o
#        D:\uss_e524.17_demo\Debug\Obj\swtimer_InterruptHandler.o
#        D:\uss_e524.17_demo\Debug\Obj\sys_state_InterruptHandler.o
#        D:\uss_e524.17_demo\Debug\Obj\system_ctrl_InterruptHandler.o
#        D:\uss_e524.17_demo\Debug\Obj\uart_InterruptHandler.o
#        --no_out_extension -o
#        D:\uss_e524.17_demo\Debug\Exe\M52417A_Demo-lite.out.tmp --map
#        D:\uss_e524.17_demo\Debug\List\M52417A_Demo-lite.map --config
#        D:\uss_e524.17_demo\M52417A-lite.icf --semihosting --entry
#        __iar_program_start --no_exceptions "C:\Program Files (x86)\IAR
#        Systems\Embedded Workbench 8.2\arm\CMSIS\Lib\IAR\iar_cortexM0l_math.a"
#        --vfe --text_out locale)
#
###############################################################################

*******************************************************************************
*** RUNTIME MODEL ATTRIBUTES
***

CppFlavor       = *
__SystemLibrary = DLib
__dlib_version  = 6


*******************************************************************************
*** HEAP SELECTION
***

The basic heap was selected because no calls to memory allocation
functions were found in the application outside of system library
functions, and there are calls to deallocation functions in the
application.


*******************************************************************************
*** PLACEMENT SUMMARY
***

"A0":  place at 0x0 { ro section .intvec };
"P1":  place in [from 0x8d to 0x7bff] { ro };
define block CSTACK with size = 768, alignment = 8 { };
define block HEAP with size = 0M, alignment = 8 { };
"P2":  place in [from 0x2000'0000 to 0x2000'0fff] {
          rw, block CSTACK, block HEAP };
initialize by copy { rw };

  Section            Kind         Address    Size  Object
  -------            ----         -------    ----  ------
"A0":                                        0x40
  .intvec            ro code          0x0    0x40  vector_table_M.o [3]
                                   - 0x40    0x40

Absolute sections:                            0xd
  .rodata            const           0x80     0x2  main.o [1]
  .rodata            const           0x82     0xb  main.o [1]
                                   - 0x8d     0xd

"P1":                                      0x5e23
  .text              ro code         0x90  0x154c  mod_meas.o [1]
  .text              ro code       0x15dc    0x58  mod_swt.o [1]
  .text              ro code       0x1634   0xc20  mod_app.o [1]
  .text              ro code       0x2254   0x9ac  mod_lab.o [1]
  .text              ro code       0x2c00    0xae  I32DivModFast.o [3]
  .text              ro code       0x2cae     0x2  vector_table_M.o [3]
  .text              ro code       0x2cb0    0x88  mod_err.o [1]
  .text              ro code       0x2d38    0x52  ABImemset.o [3]
  .text              ro code       0x2d8c    0x74  swtimer_InterruptHandler.o [1]
  .text              ro code       0x2e00    0x20  mod_util.o [1]
  .text              ro code       0x2e20    0x36  mod_dsp.o [1]
  .text              ro code       0x2e58    0x88  mod_ada.o [1]
  .text              ro code       0x2ee0     0x2  IntDivZer.o [3]
  .text              ro code       0x2ee4   0x298  nvic_InterruptHandler.o [1]
  .text              ro code       0x317c    0x74  dsp_InterruptHandler.o [1]
  .text              ro code       0x31f0   0xedc  mod_dsi3.o [1]
  .text              ro code       0x40cc   0x1e0  mod_eeprom.o [1]
  .text              ro code       0x42ac    0x4e  ABImemcpy.o [3]
  .text              ro code       0x42fc    0x58  mod_mem.o [1]
  .text              ro code       0x4354    0xda  mod_syss.o [1]
  .text              ro code       0x4430   0xc16  Dsi3Bus_Implementation.o [1]
  .text              ro code       0x5048    0x5c  mod_crc16.o [1]
  .text              ro code       0x50a4   0x394  mod_eeprom_access.o [1]
  .text              ro code       0x5438    0x2c  CommonInterruptHandler.o [1]
  .text              ro code       0x5464    0x84  system_ctrl_InterruptHandler.o [1]
  .text              ro code       0x54e8    0x7c  sys_state_InterruptHandler.o [1]
  .text              ro code       0x5564    0x14  el_helper.o [1]
  .text              ro code       0x5578    0x74  dsi3_InterruptHandler.o [1]
  .text              ro code       0x55ec    0x4c  mod_wdg.o [1]
  .text              ro code       0x5638   0x2f4  mod_dsi3_cfg.o [1]
  .text              ro code       0x592c   0x13c  main.o [1]
  .text              ro code       0x5a68    0x18  mod_gpio.o [1]
  .text              ro code       0x5a80    0x20  mod_dac.o [1]
  .text              ro code       0x5aa0   0x100  mod_uart.o [1]
  .text              ro code       0x5ba0    0x74  uart_InterruptHandler.o [1]
  .text              ro code       0x5c14     0xc  memcpy.o [3]
  .rodata            const         0x5c20    0x5c  mod_dsi3.o [1]
  .rodata            const         0x5c7c    0x48  Dsi3Bus_Implementation.o [1]
  .rodata            const         0x5cc4    0x40  nvic_InterruptHandler.o [1]
  .text              ro code       0x5d04    0x3c  zero_init3.o [3]
  .text              ro code       0x5d40    0x3c  packbits_init_single.o [3]
  .text              ro code       0x5d7c    0x38  cstartup_M_elmos.o [1]
  .text              ro code       0x5db4    0x1e  cmain.o [3]
  .text              ro code       0x5dd2     0x4  low_level_init.o [2]
  .text              ro code       0x5dd8    0x28  data_init.o [3]
  .text              ro code       0x5e00     0x8  exit.o [2]
  .text              ro code       0x5e08     0xa  cexit.o [3]
  .text              ro code       0x5e14    0x14  exit.o [4]
  .rodata            const         0x5e28    0x30  nvic_InterruptHandler.o [1]
  .rodata            const         0x5e58    0x2c  mod_dsi3_cfg.o [1]
  .iar.init_table    const         0x5e84    0x20  - Linker created -
  .rodata            const         0x5ea4     0x0  zero_init3.o [3]
  .rodata            const         0x5ea4     0x0  packbits_init_single.o [3]
  Initializer bytes  const         0x5ea4     0xe  <for P2-1>
                                 - 0x5eb2  0x5e22

"P2", part 1 of 3:                          0x160
  P2-1                        0x2000'0000   0x160  <Init block>
    .data            inited   0x2000'0000   0x15c  mod_dsi3_cfg.o [1]
    .data            inited   0x2000'015c     0x4  mod_syss.o [1]
                            - 0x2000'0160   0x160

"P2", part 2 of 3:                          0xa90
  .bss               zero     0x2000'0160   0x7c0  mod_meas.o [1]
  .bss               zero     0x2000'0920   0x100  CommonInterruptHandler.o [1]
  .bss               zero     0x2000'0a20    0x8c  main.o [1]
  .bss               zero     0x2000'0aac    0x58  mod_syss.o [1]
  .bss               zero     0x2000'0b04    0x44  mod_dsp.o [1]
  .bss               zero     0x2000'0b48    0x1c  mod_meas.o [1]
  .bss               zero     0x2000'0b64    0x14  mod_swt.o [1]
  .bss               zero     0x2000'0b78    0x14  mod_uart.o [1]
  .bss               zero     0x2000'0b8c    0x14  mod_uart.o [1]
  .bss               zero     0x2000'0ba0    0x10  main.o [1]
  .bss               zero     0x2000'0bb0    0x10  mod_dsi3_cfg.o [1]
  .bss               zero     0x2000'0bc0     0xc  mod_eeprom.o [1]
  .bss               zero     0x2000'0bcc     0x8  mod_app.o [1]
  .bss               zero     0x2000'0bd4     0x8  mod_dsi3.o [1]
  .bss               zero     0x2000'0bdc     0x8  mod_err.o [1]
  .bss               zero     0x2000'0be4     0x8  mod_mem.o [1]
  .bss               zero     0x2000'0bec     0x2  mod_lab.o [1]
                            - 0x2000'0bee   0xa8e

"P2", part 3 of 3:                          0x300
  CSTACK                      0x2000'0bf0   0x300  <Block>
    CSTACK           uninit   0x2000'0bf0   0x300  <Block tail>
                            - 0x2000'0ef0   0x300

Unused ranges:

         From           To    Size
         ----           --    ----
         0x8d         0x8f     0x3
       0x5eb3       0x7bff  0x1d4d
  0x2000'0ef0  0x2000'0fff   0x110


*******************************************************************************
*** INIT TABLE
***

          Address      Size
          -------      ----
Zero (__iar_zero_init3)
    1 destination range, total size 0xa8e:
          0x2000'0160  0xa8e

Copy/packbits (__iar_packbits_init_single3)
    1 source range, total size 0xe (3% of destination):
               0x5ea4    0xe
    1 destination range, total size 0x160:
          0x2000'0000  0x160



*******************************************************************************
*** MODULE SUMMARY
***

    Module                          ro code  ro data  rw data  ro data
                                                                (abs)
    ------                          -------  -------  -------  -------
command line/config:
    ------------------------------------------------------------------
    Total:

D:\uss_e524.17_demo\Debug\Obj: [1]
    CommonInterruptHandler.o             44               256
    Dsi3Bus_Implementation.o          3 094       72
    cstartup_M_elmos.o                   56
    dsi3_InterruptHandler.o             116
    dsp_InterruptHandler.o              116
    el_helper.o                          20
    main.o                              316               156       13
    mod_ada.o                           136
    mod_app.o                         3 104                 8
    mod_crc16.o                          92
    mod_dac.o                            32
    mod_dsi3.o                        3 804       92        8
    mod_dsi3_cfg.o                      756       57      364
    mod_dsp.o                            54                68
    mod_eeprom.o                        480                12
    mod_eeprom_access.o                 916
    mod_err.o                           136                 8
    mod_gpio.o                           24
    mod_lab.o                         2 476                 2
    mod_meas.o                        5 452             2 012
    mod_mem.o                            88                 8
    mod_swt.o                            88                20
    mod_syss.o                          218        1       92
    mod_uart.o                          256                40
    mod_util.o                           32
    mod_wdg.o                            76
    nvic_InterruptHandler.o             664      112
    swtimer_InterruptHandler.o          116
    sys_state_InterruptHandler.o        124
    system_ctrl_InterruptHandler.o      132
    uart_InterruptHandler.o             116
    ------------------------------------------------------------------
    Total:                           23 134      334    3 054       13

dl6M_tln.a: [2]
    exit.o                                8
    low_level_init.o                      4
    ------------------------------------------------------------------
    Total:                               12

rt6M_tl.a: [3]
    ABImemcpy.o                          78
    ABImemset.o                          82
    I32DivModFast.o                     174
    IntDivZer.o                           2
    cexit.o                              10
    cmain.o                              30
    data_init.o                          40
    memcpy.o                             12
    packbits_init_single.o               60
    vector_table_M.o                     66
    zero_init3.o                         60
    ------------------------------------------------------------------
    Total:                              614

shb_l.a: [4]
    exit.o                               20
    ------------------------------------------------------------------
    Total:                               20

    Gaps                                 16
    Linker created                                32      768
----------------------------------------------------------------------
    Grand Total:                     23 796      366    3 822       13


*******************************************************************************
*** ENTRY LIST
***

Entry                       Address   Size  Type      Object
-----                       -------   ----  ----      ------
.iar.init_table$$Base        0x5e84          --   Gb  - Linker created -
.iar.init_table$$Limit       0x5ea4          --   Gb  - Linker created -
?main                        0x5db5         Code  Gb  cmain.o [3]
COMCtrl_Task                 0x3207   0x26  Code  Gb  mod_dsi3.o [1]
CSTACK$$Base            0x2000'0bf0          --   Gb  - Linker created -
CSTACK$$Length                0x300          --   Gb  - Linker created -
CSTACK$$Limit           0x2000'0ef0          --   Gb  - Linker created -
ChangeStandbyState      0x2000'0aac    0x1  Data  Gb  mod_syss.o [1]
DSI3Ctrl                0x2000'0bb0   0x10  Data  Gb  mod_dsi3_cfg.o [1]
Dsi3BusImp_AppendCallbackTableFun
                             0x4ffb   0x2e  Code  Gb  Dsi3Bus_Implementation.o [1]
Dsi3BusImp_ChangeCommunicationMode
                             0x4fb7   0x20  Code  Gb  Dsi3Bus_Implementation.o [1]
Dsi3BusImp_CheckBusActivityFun
                             0x4fd7   0x24  Code  Gb  Dsi3Bus_Implementation.o [1]
Dsi3BusImp_Get1usClockCfg
                             0x4cf9    0x6  Code  Gb  Dsi3Bus_Implementation.o [1]
Dsi3BusImp_GetCRMSyncCount
                             0x4ced    0x6  Code  Gb  Dsi3Bus_Implementation.o [1]
Dsi3BusImp_GetPDCMMeasuredPeriodDuration
                             0x4cf3    0x6  Code  Gb  Dsi3Bus_Implementation.o [1]
Dsi3BusImp_GetSubInterface
                             0x4c25   0x1a  Code  Gb  Dsi3Bus_Implementation.o [1]
Dsi3BusImp_GetTimestamp
                             0x4f61    0x6  Code  Gb  Dsi3Bus_Implementation.o [1]
Dsi3BusImp_Initialization
                             0x4a2d  0x1e8  Code  Gb  Dsi3Bus_Implementation.o [1]
Dsi3BusImp_InterfaceFunctions
                             0x5c7c   0x48  Data  Gb  Dsi3Bus_Implementation.o [1]
Dsi3BusImp_InterruptHandler_CmdEvt
                             0x4431   0xaa  Code  Gb  Dsi3Bus_Implementation.o [1]
Dsi3BusImp_InterruptHandler_CmdEvt_Prefiltered
                             0x44db   0xc0  Code  Gb  Dsi3Bus_Implementation.o [1]
Dsi3BusImp_InterruptHandler_CrcErrEvt
                             0x45b1   0x40  Code  Gb  Dsi3Bus_Implementation.o [1]
Dsi3BusImp_InterruptHandler_DiscCurrEvt
                             0x4811   0x1a  Code  Lc  Dsi3Bus_Implementation.o [1]
Dsi3BusImp_InterruptHandler_DiscErrEvt
                             0x46ad   0x3a  Code  Gb  Dsi3Bus_Implementation.o [1]
Dsi3BusImp_InterruptHandler_DiscEvt
                             0x459b   0x16  Code  Gb  Dsi3Bus_Implementation.o [1]
Dsi3BusImp_InterruptHandler_FccErrEvt
                             0x45f1   0x52  Code  Gb  Dsi3Bus_Implementation.o [1]
Dsi3BusImp_InterruptHandler_PdcmErrEvt
                             0x466d   0x40  Code  Gb  Dsi3Bus_Implementation.o [1]
Dsi3BusImp_InterruptHandler_PdcmEvt
                             0x46e7   0x2a  Code  Gb  Dsi3Bus_Implementation.o [1]
Dsi3BusImp_InterruptHandler_RccFinish
                             0x4711   0x46  Code  Gb  Dsi3Bus_Implementation.o [1]
Dsi3BusImp_InterruptHandler_StartErrEvt
                             0x4643   0x2a  Code  Gb  Dsi3Bus_Implementation.o [1]
Dsi3BusImp_InterruptHandler_TimerA_Evt
                             0x475d   0x6a  Code  Lc  Dsi3Bus_Implementation.o [1]
Dsi3BusImp_InterruptHandler_TimerB_Evt
                             0x47c7   0x4a  Code  Gb  Dsi3Bus_Implementation.o [1]
Dsi3BusImp_RegisterCrmCallbackFunction
                             0x4c5d   0x20  Code  Gb  Dsi3Bus_Implementation.o [1]
Dsi3BusImp_RegisterPdcmCallbackFunction
                             0x4c7d   0x16  Code  Gb  Dsi3Bus_Implementation.o [1]
Dsi3BusImp_RemoveCallbackTableFun
                             0x5029   0x1e  Code  Gb  Dsi3Bus_Implementation.o [1]
Dsi3BusImp_Set1usClockCfg
                             0x4d19   0x10  Code  Gb  Dsi3Bus_Implementation.o [1]
Dsi3BusImp_Shutdown          0x4f39   0x28  Code  Gb  Dsi3Bus_Implementation.o [1]
Dsi3BusImp_Task              0x4e79   0xc0  Code  Gb  Dsi3Bus_Implementation.o [1]
Dsi3BusImp_UpdateCRMFCCBlankingTimeOffset
                             0x4da1   0x18  Code  Gb  Dsi3Bus_Implementation.o [1]
Dsi3BusImp_UpdateCRMResponseTimeOffset
                             0x4d29   0x1e  Code  Gb  Dsi3Bus_Implementation.o [1]
Dsi3BusImp_UpdateChipTime
                             0x4fa7   0x10  Code  Gb  Dsi3Bus_Implementation.o [1]
Dsi3BusImp_UpdateDeviceAddress
                             0x4f8d   0x1a  Code  Gb  Dsi3Bus_Implementation.o [1]
Dsi3BusImp_UpdatePDCMFCCBlankingTimeOffset
                             0x4db9   0x18  Code  Gb  Dsi3Bus_Implementation.o [1]
Dsi3BusImp_UpdatePDCMResponseDuration
                             0x4d83   0x1e  Code  Gb  Dsi3Bus_Implementation.o [1]
Dsi3BusImp_UpdatePDCMSlotDuration
                             0x4d65   0x1e  Code  Gb  Dsi3Bus_Implementation.o [1]
Dsi3BusImp_UpdatePDCMStartSlotOffset
                             0x4d47   0x1e  Code  Gb  Dsi3Bus_Implementation.o [1]
Dsi3DrvImp_HWModIfFuns  0x2000'0004    0x4  Data  Gb  mod_dsi3_cfg.o [1]
Dsi3HardwareModuleImp_InterfaceFunctions
                             0x4c40   0x1c  Data  Gb  Dsi3Bus_Implementation.o [1]
Dsi3_BusAutoAddrCbFun        0x326d   0x8c  Code  Gb  mod_dsi3.o [1]
Dsi3_BusCallbacks            0x58f4   0x18  Data  Lc  mod_dsi3_cfg.o [1]
Dsi3_BusEnvData         0x2000'0008  0x154  Data  Gb  mod_dsi3_cfg.o [1]
Dsi3_BusErrorCbFun           0x322d   0x3e  Code  Gb  mod_dsi3.o [1]
Dsi3_BusIfFuns          0x2000'0000    0x4  Data  Gb  mod_dsi3_cfg.o [1]
Dsi3_BusModeChangedCbFun
                             0x326b    0x2  Code  Gb  mod_dsi3.o [1]
Dsi3_Callbacks_Init          0x31f1   0x16  Code  Gb  mod_dsi3.o [1]
Dsi3_CrmCmdHandler_AdvMeasurementExecute
                             0x3455  0x128  Code  Gb  mod_dsi3.o [1]
Dsi3_CrmCmdHandler_Default
                             0x32f9   0x30  Code  Gb  mod_dsi3.o [1]
Dsi3_CrmCmdHandler_EEPROMAccess
                             0x3829   0xe0  Code  Gb  mod_dsi3.o [1]
Dsi3_CrmCmdHandler_IcMode
                             0x3d41  0x142  Code  Gb  mod_dsi3.o [1]
Dsi3_CrmCmdHandler_MeasExecute
                             0x3329  0x126  Code  Gb  mod_dsi3.o [1]
Dsi3_CrmCmdHandler_MeasSettings
                             0x3625  0x116  Code  Gb  mod_dsi3.o [1]
Dsi3_CrmCmdHandler_MeasSettingsExt
                             0x3741   0xde  Code  Gb  mod_dsi3.o [1]
Dsi3_CrmCmdHandler_MeasStop
                             0x3589   0x9c  Code  Gb  mod_dsi3.o [1]
Dsi3_CrmCmdHandler_ReadStatInCRM
                             0x3b01  0x186  Code  Gb  mod_dsi3.o [1]
Dsi3_CrmCmdHandler_ReadStatInPDCM
                             0x3c91   0xac  Code  Gb  mod_dsi3.o [1]
Dsi3_CrmCmdHandler_RegisterAccess
                             0x3909  0x11c  Code  Gb  mod_dsi3.o [1]
Dsi3_CrmCmdHandler_RegisterAccessExt
                             0x3a29   0xd0  Code  Gb  mod_dsi3.o [1]
Dsi3_GetDSI3Ctrl             0x58a9    0x4  Code  Gb  mod_dsi3_cfg.o [1]
Dsi3_Init                    0x5639  0x270  Code  Gb  mod_dsi3_cfg.o [1]
Dsi3_PdcmCmdHandler          0x3e95   0x90  Code  Gb  mod_dsi3.o [1]
Eeprom_CheckIfBusy           0x41ad   0x10  Code  Gb  mod_eeprom.o [1]
Eeprom_Disable               0x41bd    0x8  Code  Gb  mod_eeprom.o [1]
Eeprom_GetDataPointer        0x40f9    0x6  Code  Gb  mod_eeprom.o [1]
Eeprom_Init                  0x40cd   0x2c  Code  Gb  mod_eeprom.o [1]
Eeprom_SetOperation          0x4141   0x6c  Code  Gb  mod_eeprom.o [1]
Eeprom_Task                  0x40ff   0x42  Code  Gb  mod_eeprom.o [1]
FirmwareVersionNumber          0x80    0x2  Data  Gb  main.o [1]
HardwareVersionNumber   0x2000'0ba0    0x2  Data  Gb  main.o [1]
InterruptHandlerInitialize
                             0x5439   0x2c  Code  Gb  CommonInterruptHandler.o [1]
NVIC_ClearPendingIRQ         0x2ee5   0x12  Code  Lc  nvic_InterruptHandler.o [1]
ProjectName                    0x82    0xb  Data  Gb  main.o [1]
Region$$Table$$Base          0x5e84          --   Gb  - Linker created -
Region$$Table$$Limit         0x5ea4          --   Gb  - Linker created -
TBIT_CRM_RESPOFFSET          0x590c    0x8  Data  Lc  mod_dsi3_cfg.o [1]
TBIT_DISC_PERIODLEN          0x5914    0x8  Data  Lc  mod_dsi3_cfg.o [1]
TBIT_DISC_RAMPONDELAY        0x591c    0x8  Data  Lc  mod_dsi3_cfg.o [1]
TCHP_PDCM_SLOTDUR            0x5924    0x8  Data  Lc  mod_dsi3_cfg.o [1]
Uart_Init                    0x5aa1   0x52  Code  Gb  mod_uart.o [1]
Uart_Receive_interrupt       0x5af3   0x20  Code  Gb  mod_uart.o [1]
__aeabi_idiv0                0x2ee1         Code  Gb  IntDivZer.o [3]
__aeabi_memclr4              0x2d59         Code  Gb  ABImemset.o [3]
__aeabi_memclr8              0x2d59         Code  Gb  ABImemset.o [3]
__aeabi_memcpy               0x42e1         Code  Gb  ABImemcpy.o [3]
__aeabi_memcpy4              0x42ad         Code  Gb  ABImemcpy.o [3]
__aeabi_memcpy8              0x42ad         Code  Gb  ABImemcpy.o [3]
__aeabi_memset               0x2d39         Code  Gb  ABImemset.o [3]
__aeabi_uidiv                0x2c01         Code  Gb  I32DivModFast.o [3]
__aeabi_uidivmod             0x2c01         Code  Gb  I32DivModFast.o [3]
__cmain                      0x5db5         Code  Gb  cmain.o [3]
__exit                       0x5e15   0x14  Code  Gb  exit.o [4]
__iar_Memcpy                 0x42ed         Code  Gb  ABImemcpy.o [3]
__iar_Memset4_word           0x2d5d         Code  Gb  ABImemset.o [3]
__iar_Memset_word            0x2d45         Code  Gb  ABImemset.o [3]
__iar_data_init3             0x5dd9   0x28  Code  Gb  data_init.o [3]
__iar_packbits_init_single3
                             0x5d41   0x3c  Code  Gb  packbits_init_single.o [3]
__iar_program_start          0x5d7d         Code  Gb  cstartup_M_elmos.o [1]
__iar_zero_init3             0x5d05   0x3c  Code  Gb  zero_init3.o [3]
__low_level_init             0x5dd3    0x4  Code  Gb  low_level_init.o [2]
__vector_table                  0x0         Data  Gb  vector_table_M.o [3]
_call_main                   0x5dc1         Code  Gb  cmain.o [3]
_exit                        0x5e09         Code  Gb  cexit.o [3]
_main                        0x5dcf         Code  Gb  cmain.o [3]
ada_Init                     0x2e59   0x1e  Code  Gb  mod_ada.o [1]
ada_TriggerSample            0x2e77   0x56  Code  Gb  mod_ada.o [1]
app_ActivateDmaForEchoMeas
                             0x1a9d   0x86  Code  Gb  mod_app.o [1]
app_CheckVsup                0x1b29   0x22  Code  Gb  mod_app.o [1]
app_DeactivateDmaForEchoMeas
                             0x1ca5   0x4c  Code  Gb  mod_app.o [1]
app_DiagnosticMeasurement
                             0x1a15   0x26  Code  Gb  mod_app.o [1]
app_Init                     0x1635   0xf4  Code  Gb  mod_app.o [1]
app_MeasurementInit          0x1995   0x78  Code  Gb  mod_app.o [1]
app_NearFieldDetection       0x1bf9   0xa8  Code  Gb  mod_app.o [1]
app_NoiseMeasurement         0x1a3b   0x62  Code  Gb  mod_app.o [1]
app_PdcmCmdHandler_APP_MODE
                             0x172d  0x220  Code  Gb  mod_app.o [1]
app_ResetMeasurementFlagsCritical
                             0x1951   0x2a  Code  Gb  mod_app.o [1]
app_RingingBehaviour         0x1b9b   0x52  Code  Gb  mod_app.o [1]
app_VtankMonitoring          0x1b4b   0x50  Code  Gb  mod_app.o [1]
app_calculate_temperature
                             0x21e5   0x34  Code  Gb  mod_app.o [1]
applRuntimeData         0x2000'0ba4    0xc  Data  Lc  main.o [1]
calcCrcOverRamParam     0x2000'0be4    0x1  Data  Gb  mod_mem.o [1]
crc16_Init                   0x5049   0x14  Code  Gb  mod_crc16.o [1]
crc16_checkCrc               0x505d   0x36  Code  Gb  mod_crc16.o [1]
dac_Init                     0x5a81   0x18  Code  Gb  mod_dac.o [1]
dsi3_InterruptInitialisation
                             0x55bb   0x28  Code  Gb  dsi3_InterruptHandler.o [1]
dsi3_InterruptRegisterCallback
                             0x5579   0x1a  Code  Gb  dsi3_InterruptHandler.o [1]
dsp_Init                     0x2e21   0x18  Code  Gb  mod_dsp.o [1]
dsp_InterruptInitialisation
                             0x31bf   0x28  Code  Gb  dsp_InterruptHandler.o [1]
dsp_InterruptRegisterCallback
                             0x317d   0x1a  Code  Gb  dsp_InterruptHandler.o [1]
dsp_RegisterCustomInterruptCallback
                             0x2e41   0x16  Code  Gb  mod_dsp.o [1]
dsp_envData             0x2000'0b04   0x44  Data  Lc  mod_dsp.o [1]
eeprom_Initialize            0x53f5   0x32  Code  Gb  mod_eeprom_access.o [1]
eeprom_ResetIP               0x51e1   0x24  Code  Gb  mod_eeprom_access.o [1]
eeprom_Write                 0x520d  0x1e6  Code  Gb  mod_eeprom_access.o [1]
el_FillBytes                 0x5565   0x14  Code  Gb  el_helper.o [1]
err_ErrorHandlerExt          0x2d21   0x14  Code  Gb  mod_err.o [1]
err_GetComErrorFlag          0x2cf9    0xa  Code  Gb  mod_err.o [1]
err_GetGlobalComErrFlag
                             0x2d13    0x4  Code  Gb  mod_err.o [1]
err_GetGlobalHwErrFlag       0x2d03   0x10  Code  Gb  mod_err.o [1]
err_GetHwErrorFlag1          0x2ce5    0xa  Code  Gb  mod_err.o [1]
err_GetHwErrorFlag2          0x2cef    0xa  Code  Gb  mod_err.o [1]
err_SetComErrorFlag          0x2cd7    0xe  Code  Gb  mod_err.o [1]
err_SetHwErrorFlag           0x2cb1   0x26  Code  Gb  mod_err.o [1]
exit                         0x5e01    0x8  Code  Gb  exit.o [2]
gpio_Init                    0x5a69   0x18  Code  Gb  mod_gpio.o [1]
lab_PdcmCmdHandler_LAB_MODE
                             0x2a4d  0x18e  Code  Gb  mod_lab.o [1]
lab_StartLabMode             0x2a01   0x36  Code  Gb  mod_lab.o [1]
lab_Task                     0x28a5  0x158  Code  Gb  mod_lab.o [1]
lab_TaskState_INIT_Lab       0x24fd  0x378  Code  Gb  mod_lab.o [1]
lab_init_module              0x24e5    0xc  Code  Gb  mod_lab.o [1]
loc_Action              0x2000'0bc1    0x1  Data  Lc  mod_eeprom.o [1]
loc_AppRtData           0x2000'0160  0x7c0  Data  Gb  mod_meas.o [1]
loc_CallBusErrorCallback
                             0x482b   0x1a  Code  Gb  Dsi3Bus_Implementation.o [1]
loc_CallCrmProcessedCallback
                             0x485f   0x1c  Code  Gb  Dsi3Bus_Implementation.o [1]
loc_CallDiscProcessedCallback
                             0x4893   0x1e  Code  Gb  Dsi3Bus_Implementation.o [1]
loc_CallModeChangedCallback
                             0x4845   0x1a  Code  Gb  Dsi3Bus_Implementation.o [1]
loc_CallPdcmProcessedCallback
                             0x487b   0x18  Code  Gb  Dsi3Bus_Implementation.o [1]
loc_ChangeModeToPdcm         0x4075   0x2e  Code  Lc  mod_dsi3.o [1]
loc_ConfEEStateMachine       0x50a5   0x54  Code  Lc  mod_eeprom_access.o [1]
loc_CopyEepromToRam          0x41c5   0x50  Code  Gb  mod_eeprom.o [1]
loc_CopyRamToEeprom          0x4215   0x50  Code  Gb  mod_eeprom.o [1]
loc_CopySlaveIdToEeprom
                             0x4265   0x40  Code  Gb  mod_eeprom.o [1]
loc_DefaultExceptionHandler
                             0x2ef7    0x4  Code  Lc  nvic_InterruptHandler.o [1]
loc_DefaultInterruptHandler
                             0x5cc4   0x40  Data  Lc  nvic_InterruptHandler.o [1]
loc_DefaultInterruptHandler_IRQ_0
                             0x2efb    0x4  Code  Lc  nvic_InterruptHandler.o [1]
loc_DefaultInterruptHandler_IRQ_1
                             0x2eff    0x2  Code  Lc  nvic_InterruptHandler.o [1]
loc_DefaultInterruptHandler_IRQ_10
                             0x2f33    0x6  Code  Lc  nvic_InterruptHandler.o [1]
loc_DefaultInterruptHandler_IRQ_11
                             0x2f39    0x6  Code  Lc  nvic_InterruptHandler.o [1]
loc_DefaultInterruptHandler_IRQ_12
                             0x2f3f    0x6  Code  Lc  nvic_InterruptHandler.o [1]
loc_DefaultInterruptHandler_IRQ_13
                             0x2f45    0x6  Code  Lc  nvic_InterruptHandler.o [1]
loc_DefaultInterruptHandler_IRQ_14
                             0x2f4b    0x6  Code  Lc  nvic_InterruptHandler.o [1]
loc_DefaultInterruptHandler_IRQ_15
                             0x2f51    0x6  Code  Lc  nvic_InterruptHandler.o [1]
loc_DefaultInterruptHandler_IRQ_2
                             0x2f0f    0x4  Code  Lc  nvic_InterruptHandler.o [1]
loc_DefaultInterruptHandler_IRQ_3
                             0x2f13    0x4  Code  Lc  nvic_InterruptHandler.o [1]
loc_DefaultInterruptHandler_IRQ_4
                             0x2f17    0x4  Code  Lc  nvic_InterruptHandler.o [1]
loc_DefaultInterruptHandler_IRQ_5
                             0x2f1b    0x4  Code  Lc  nvic_InterruptHandler.o [1]
loc_DefaultInterruptHandler_IRQ_6
                             0x2f1f    0x4  Code  Lc  nvic_InterruptHandler.o [1]
loc_DefaultInterruptHandler_IRQ_7
                             0x2f23    0x4  Code  Lc  nvic_InterruptHandler.o [1]
loc_DefaultInterruptHandler_IRQ_8
                             0x2f27    0x6  Code  Lc  nvic_InterruptHandler.o [1]
loc_DefaultInterruptHandler_IRQ_9
                             0x2f2d    0x6  Code  Lc  nvic_InterruptHandler.o [1]
loc_Dsi3BusImp_PrepareNextCommState
                             0x4c93   0x5a  Code  Gb  Dsi3Bus_Implementation.o [1]
loc_Dsi3BusImp_PreparePDCMBuffer
                             0x4dd1   0x7a  Code  Gb  Dsi3Bus_Implementation.o [1]
loc_Dsi3WakeUpEvent          0x4421    0x2  Code  Gb  mod_syss.o [1]
loc_EdiEventWrapAround       0x2255  0x178  Code  Lc  mod_lab.o [1]
loc_Eeval1DmaWrapEventOccured
                             0x21c7    0xc  Code  Gb  mod_app.o [1]
loc_Eeval2DmaWrapEventOccured
                             0x21d3    0xc  Code  Gb  mod_app.o [1]
loc_EevalDmaWrapEventOccured
                             0x2199   0x2e  Code  Gb  mod_app.o [1]
loc_EnableCrm                0x48b5   0x50  Code  Gb  Dsi3Bus_Implementation.o [1]
loc_EnableDisc               0x4999   0x70  Code  Gb  Dsi3Bus_Implementation.o [1]
loc_EnablePdcm               0x4929   0x66  Code  Gb  Dsi3Bus_Implementation.o [1]
loc_GetRemainingResultCount
                             0x20d1   0x4c  Code  Gb  mod_app.o [1]
loc_IcRegAccRegMapping       0x5c20   0x5c  Data  Lc  mod_dsi3.o [1]
loc_InterruptHandler         0x3197   0x28  Code  Lc  dsp_InterruptHandler.o [1]
loc_InterruptHandler         0x2da7   0x28  Code  Lc  swtimer_InterruptHandler.o [1]
loc_InterruptHandler         0x5509   0x28  Code  Lc  sys_state_InterruptHandler.o [1]
loc_InterruptHandler         0x548b   0x28  Code  Lc  system_ctrl_InterruptHandler.o [1]
loc_InterruptHandler         0x5bbb   0x28  Code  Lc  uart_InterruptHandler.o [1]
loc_MarginReadDoubleWord
                             0x5173   0x6e  Code  Lc  mod_eeprom_access.o [1]
loc_MeasEvtOccuredInPath1
                             0x211d   0x36  Code  Gb  mod_app.o [1]
loc_MeasEvtOccuredInPath2
                             0x2153   0x36  Code  Gb  mod_app.o [1]
loc_NvicEnvironmentData
                        0x2000'0920  0x100  Data  Lc  CommonInterruptHandler.o [1]
loc_PrepLabFrame             0x23cd  0x118  Code  Lc  mod_lab.o [1]
loc_RAMparityErrorEvent
                             0x4423    0xc  Code  Gb  mod_syss.o [1]
loc_ResetPdcm                0x4905   0x20  Code  Gb  Dsi3Bus_Implementation.o [1]
loc_SetPdcmAnswerFrameAdv
                             0x2039   0x8e  Code  Gb  mod_app.o [1]
loc_SetPdcmAnswerFrameBurst
                             0x1da1   0x66  Code  Gb  mod_app.o [1]
loc_SetPdcmAnswerFrameDefault
                             0x1cf5   0x2a  Code  Gb  mod_app.o [1]
loc_SetPdcmAnswerFrameDiagnostic
                             0x1d2d   0x66  Code  Gb  mod_app.o [1]
loc_SetPdcmAnswerFrameNfd
                             0x1e7d   0x62  Code  Gb  mod_app.o [1]
loc_SetPdcmAnswerFrameRinging
                             0x1e07   0x64  Code  Gb  mod_app.o [1]
loc_SetPdcmAnswerFrameStd0
                             0x1ee9   0xa2  Code  Gb  mod_app.o [1]
loc_SetPdcmAnswerFrameStd1
                             0x1fa9   0x86  Code  Gb  mod_app.o [1]
loc_StartSyncTimerForEchoMeas
                              0x297   0x44  Code  Gb  mod_meas.o [1]
loc_StartSyncTimerForPostMaskingTime
                              0x2db   0x2c  Code  Gb  mod_meas.o [1]
loc_StartTickTimerForEchoMeas
                              0x315    0x2  Code  Gb  mod_meas.o [1]
loc_State               0x2000'0bc0    0x1  Data  Lc  mod_eeprom.o [1]
loc_SynchCRMClock            0x3f29   0xba  Code  Lc  mod_dsi3.o [1]
loc_SynchCRMClock::syncErrorCounter
                        0x2000'0bd4    0x1  Data  Lc  mod_dsi3.o [1]
loc_SynchPDCMClock           0x3fed   0x7e  Code  Lc  mod_dsi3.o [1]
loc_SynchPDCMClock::syncErrorCounter
                        0x2000'0bd5    0x1  Data  Lc  mod_dsi3.o [1]
loc_TaskState_ECHO_MEAS_async
                             0x131b   0x56  Code  Gb  mod_meas.o [1]
loc_TaskState_ECHO_MEAS_manage_stc_and_stg
                             0x1375   0xd4  Code  Gb  mod_meas.o [1]
loc_TaskState_ECHO_MEAS_sync
                             0x1451   0x68  Code  Gb  mod_meas.o [1]
loc_TaskState_INIT            0x33d   0x4e  Code  Gb  mod_meas.o [1]
loc_TaskState_INIT_Adv        0x97d  0x4c0  Code  Gb  mod_meas.o [1]
loc_TaskState_INIT_Com        0x3a1  0x1ce  Code  Gb  mod_meas.o [1]
loc_TaskState_INIT_ECHO_MEAS
                              0xf13   0x1a  Code  Gb  mod_meas.o [1]
loc_TaskState_INIT_ECHO_MEAS_Adv
                             0x11c1   0xd0  Code  Gb  mod_meas.o [1]
loc_TaskState_INIT_ECHO_MEAS_Nfd
                             0x1299   0x82  Code  Gb  mod_meas.o [1]
loc_TaskState_INIT_ECHO_MEAS_Std
                              0xf3d  0x172  Code  Gb  mod_meas.o [1]
loc_TaskState_INIT_Noise
                              0xe51   0x9a  Code  Gb  mod_meas.o [1]
loc_TaskState_INIT_Std        0x5c5  0x380  Code  Gb  mod_meas.o [1]
loc_TaskState_NOISE_MEAS
                              0xeeb   0x28  Code  Gb  mod_meas.o [1]
loc_TaskState_POST_MEAS
                             0x14bd   0x68  Code  Gb  mod_meas.o [1]
loc_TaskState_PreCalcParam_INIT_ECHO_MEAS_Std
                             0x10bd   0xf4  Code  Gb  mod_meas.o [1]
loc_WriteDoubleWord          0x50f9   0x7a  Code  Lc  mod_eeprom_access.o [1]
loc_checkForAbortion         0x1545   0x22  Code  Gb  mod_meas.o [1]
loc_check_TdrStat            0x1567   0x3a  Code  Gb  mod_meas.o [1]
loc_dsi3_InterruptHandler
                             0x5593   0x28  Code  Lc  dsi3_InterruptHandler.o [1]
loc_errStatus           0x2000'0bdc    0x8  Data  Gb  mod_err.o [1]
loc_pAppData            0x2000'0bc8    0x4  Data  Lc  mod_eeprom.o [1]
loc_pAppDataMem         0x2000'0be8    0x4  Data  Gb  mod_mem.o [1]
loc_pApplRuntimeData    0x2000'0bcc    0x4  Data  Lc  mod_app.o [1]
loc_pApplRuntimeData    0x2000'0bd8    0x4  Data  Lc  mod_dsi3.o [1]
loc_pEepromAppData      0x2000'0bc4    0x4  Data  Lc  mod_eeprom.o [1]
loc_readBackAfterWrite       0x1525   0x18  Code  Gb  mod_meas.o [1]
main                         0x598d   0xba  Code  Gb  main.o [1]
main_Appl_Init               0x592d   0x60  Code  Gb  main.o [1]
meas_AbortMeasurement         0x15d    0x8  Code  Gb  mod_meas.o [1]
meas_GetCtrl                   0xb9    0x4  Code  Gb  mod_meas.o [1]
meas_GetMeasConf              0x165    0x6  Code  Gb  mod_meas.o [1]
meas_StartAdvancedMeasurement
                              0x13b   0x22  Code  Gb  mod_meas.o [1]
meas_StartStandardMeasurement
                              0x117   0x24  Code  Gb  mod_meas.o [1]
meas_StartTickTimerForNoiseMeas
                              0x311    0x2  Code  Gb  mod_meas.o [1]
meas_SyncTimer_ISR            0x16b   0x84  Code  Gb  mod_meas.o [1]
meas_Task                      0xbd   0x5a  Code  Gb  mod_meas.o [1]
meas_TickTimer_ISR            0x1ef   0xa8  Code  Gb  mod_meas.o [1]
meas_init                      0x91   0x28  Code  Gb  mod_meas.o [1]
mem_Init                     0x42fd   0x20  Code  Gb  mod_mem.o [1]
mem_Task                     0x431d   0x2c  Code  Gb  mod_mem.o [1]
mem_TriggerCrcCalculationOverRam
                             0x4349    0x8  Code  Gb  mod_mem.o [1]
memcpy                       0x5c15    0xc  Code  Gb  memcpy.o [3]
nvic_ClearPending            0x301b   0x22  Code  Gb  nvic_InterruptHandler.o [1]
nvic_DeregisterModule        0x2f97   0x38  Code  Gb  nvic_InterruptHandler.o [1]
nvic_DisableMain             0x30a5    0x2  Code  Gb  nvic_InterruptHandler.o [1]
nvic_DisableModule           0x2ff9   0x22  Code  Gb  nvic_InterruptHandler.o [1]
nvic_EnableMain              0x30a3    0x2  Code  Gb  nvic_InterruptHandler.o [1]
nvic_EnableModule            0x2fcf   0x2a  Code  Gb  nvic_InterruptHandler.o [1]
nvic_GetPointerToEnvironmentData
                             0x2f57   0x20  Code  Gb  nvic_InterruptHandler.o [1]
nvic_IRQInitialisation       0x30a7   0xa2  Code  Gb  nvic_InterruptHandler.o [1]
nvic_IfFuns             0x2000'015c    0x4  Data  Gb  mod_syss.o [1]
nvic_InterfaceFunctions
                             0x5e28   0x30  Data  Gb  nvic_InterruptHandler.o [1]
nvic_RegisterModule          0x2f77   0x20  Code  Gb  nvic_InterruptHandler.o [1]
nvic_SetModulePriority       0x305f   0x44  Code  Gb  nvic_InterruptHandler.o [1]
nvic_SetPending              0x303d   0x22  Code  Gb  nvic_InterruptHandler.o [1]
parse_and_handle_data        0x5b13   0x74  Code  Gb  mod_uart.o [1]
parse_and_handle_data{1}{2}{3}{4}{5}{6}{7}{8}{10}::fault_frame
                        0x2000'0b94    0x4  Data  Lc  mod_uart.o [1]
parse_and_handle_data{1}{2}{3}{4}{5}{6}{7}{8}{11}::other_frame
                        0x2000'0b98    0x8  Data  Lc  mod_uart.o [1]
parse_and_handle_data{1}{2}{3}{4}{5}{6}{7}{8}{9}::bk0_frame
                        0x2000'0b8c    0x8  Data  Lc  mod_uart.o [1]
preCalculatedStcParam   0x2000'0b5c    0x8  Data  Gb  mod_meas.o [1]
preCalculatedStgParam   0x2000'0b48   0x14  Data  Gb  mod_meas.o [1]
rx_data                 0x2000'0a20   0x8c  Data  Lc  main.o [1]
swtimer_Init                 0x15dd   0x34  Code  Gb  mod_swt.o [1]
swtimer_InterruptInitialisation
                             0x2dcf   0x28  Code  Gb  swtimer_InterruptHandler.o [1]
swtimer_InterruptRegisterCallback
                             0x2d8d   0x1a  Code  Gb  swtimer_InterruptHandler.o [1]
swtimer_RegisterCustomZeroCountInterruptCallback
                             0x161d   0x18  Code  Gb  mod_swt.o [1]
swtimer_envData         0x2000'0b64   0x14  Data  Lc  mod_swt.o [1]
sys_state_InterruptEnable
                             0x54e9    0x6  Code  Gb  sys_state_InterruptHandler.o [1]
sys_state_InterruptInitialisation
                             0x5531   0x28  Code  Gb  sys_state_InterruptHandler.o [1]
sys_state_InterruptRegisterCallback
                             0x54ef   0x1a  Code  Gb  sys_state_InterruptHandler.o [1]
sysctrl_envData         0x2000'0ab0   0x28  Data  Lc  mod_syss.o [1]
syss_EnterSleep              0x439f    0x8  Code  Gb  mod_syss.o [1]
syss_ExitSleep               0x43a7   0x1e  Code  Gb  mod_syss.o [1]
syss_Init                    0x4355   0x4a  Code  Gb  mod_syss.o [1]
syss_ProcessStandbyRequests
                             0x43c5   0x3a  Code  Gb  mod_syss.o [1]
sysstate_envData        0x2000'0ad8   0x2c  Data  Lc  mod_syss.o [1]
system_ctrl_InterruptDisable
                             0x546b    0x6  Code  Gb  system_ctrl_InterruptHandler.o [1]
system_ctrl_InterruptEnable
                             0x5465    0x6  Code  Gb  system_ctrl_InterruptHandler.o [1]
system_ctrl_InterruptInitialisation
                             0x54b3   0x28  Code  Gb  system_ctrl_InterruptHandler.o [1]
system_ctrl_InterruptRegisterCallback
                             0x5471   0x1a  Code  Gb  system_ctrl_InterruptHandler.o [1]
tsense_calib_eff        0x2000'0bd0    0x4  Data  Gb  mod_app.o [1]
uart_InterruptInitialisation
                             0x5be3   0x28  Code  Gb  uart_InterruptHandler.o [1]
uart_InterruptRegisterCallback
                             0x5ba1   0x1a  Code  Gb  uart_InterruptHandler.o [1]
uart_envData            0x2000'0b78   0x14  Data  Lc  mod_uart.o [1]
util_calculateDmaMemoryOffset
                             0x2e01   0x20  Code  Gb  mod_util.o [1]
wdg_Init                     0x55ed   0x20  Code  Gb  mod_wdg.o [1]
wdg_Start                    0x5617    0xe  Code  Gb  mod_wdg.o [1]
wdg_Trigger                  0x560d    0xa  Code  Gb  mod_wdg.o [1]
window_counter          0x2000'0bec    0x2  Data  Gb  mod_lab.o [1]


[1] = D:\uss_e524.17_demo\Debug\Obj
[2] = dl6M_tln.a
[3] = rt6M_tl.a
[4] = shb_l.a

  23 796 bytes of readonly  code memory
     366 bytes of readonly  data memory (+ 13 absolute)
   3 822 bytes of readwrite data memory

Errors: none
Warnings: none
